
> e2e
> npm run e2e -w @wtypora/desktop -- --workers=2


> @wtypora/desktop@0.1.0 e2e
> playwright test --workers=2

[WebServer] (node:7580) Warning: The 'NO_COLOR' env is ignored due to the 'FORCE_COLOR' env being set.
[WebServer] (Use `node --trace-warnings ...` to show where the warning was created)

Running 74 tests using 2 workers

(node:7612) Warning: The 'NO_COLOR' env is ignored due to the 'FORCE_COLOR' env being set.
(Use `node --trace-warnings ...` to show where the warning was created)
(node:7611) Warning: The 'NO_COLOR' env is ignored due to the 'FORCE_COLOR' env being set.
(Use `node --trace-warnings ...` to show where the warning was created)
  ✓   1 [chromium] › e2e/code-blocks.spec.ts:5:1 › typed fences support highlighted editing, indentation and rendering (690ms)
  ✓   3 [chromium] › e2e/code-blocks.spec.ts:37:1 › menu and shortcut insert undoable code blocks around selected text (349ms)
  ✓   2 [chromium] › e2e/drag-selection.spec.ts:43:7 › paragraphs: drag forward with start active (1.1s)
  ✓   4 [chromium] › e2e/code-blocks.spec.ts:57:1 › long code stays within a narrow window and uses readable night colors (244ms)
  ✓   6 [chromium] › e2e/editor.spec.ts:2:1 › writing column stays centered with desktop and narrow-window padding (233ms)
  ✓   5 [chromium] › e2e/drag-selection.spec.ts:43:7 › paragraphs: drag backward with start active (861ms)
  ✓   7 [chromium] › e2e/editor.spec.ts:24:1 › edit, save, edit again, and cancel close (443ms)
  ✓   9 [chromium] › e2e/editor.spec.ts:45:1 › source syntax, undo and find remain usable (381ms)
  ✓   8 [chromium] › e2e/drag-selection.spec.ts:43:7 › paragraphs: drag forward with end active (837ms)
  ✓  11 [chromium] › e2e/drag-selection.spec.ts:43:7 › paragraphs: drag backward with end active (816ms)
  ✓  12 [chromium] › e2e/drag-selection.spec.ts:43:7 › list: drag forward with start active (822ms)
  ✓  13 [chromium] › e2e/drag-selection.spec.ts:43:7 › list: drag backward with start active (797ms)
  ✓  14 [chromium] › e2e/drag-selection.spec.ts:43:7 › list: drag forward with end active (804ms)
  ✓  10 [chromium] › e2e/export.spec.ts:4:1 › exports editable Word with an embedded image and preserves unsaved source (3.8s)
  ✓  15 [chromium] › e2e/drag-selection.spec.ts:43:7 › list: drag backward with end active (779ms)
  ✓  17 [chromium] › e2e/drag-selection.spec.ts:43:7 › single: drag forward with start active (842ms)
  ✓  18 [chromium] › e2e/drag-selection.spec.ts:43:7 › single: drag backward with start active (880ms)
  ✓  19 [chromium] › e2e/drag-selection.spec.ts:43:7 › single: drag forward with end active (818ms)
  ✓  16 [chromium] › e2e/export.spec.ts:50:1 › prints complete white A4 content without app chrome and keeps the menu usable in a small window (3.8s)
  ✓  20 [chromium] › e2e/drag-selection.spec.ts:43:7 › single: drag backward with end active (843ms)
  ✓  21 [chromium] › e2e/image-lines.spec.ts:7:1 › standalone image previews while editing adjacent text without blank lines (491ms)
  ✓  22 [chromium] › e2e/drag-selection.spec.ts:83:1 › shift-click extends the existing anchor into a rendered block (336ms)
  ✓  24 [chromium] › e2e/improvements.spec.ts:3:1 › Enter keeps separate visual lines after the paragraph is rendered (462ms)
  ✓  23 [chromium] › e2e/images.spec.ts:9:1 › remote images load under the production image policy and fit the writing surface (618ms)
  ✓  26 [chromium] › e2e/images.spec.ts:83:1 › failed remote images show a useful message and retain their Markdown (422ms)
  ✓  25 [chromium] › e2e/improvements.spec.ts:38:1 › themes and uploader preferences persist without changing Markdown (766ms)
  ✓  27 [chromium] › e2e/images.spec.ts:100:1 › image insertion format persists and offers empty or filename descriptions (569ms)
  ✓  28 [chromium] › e2e/improvements.spec.ts:82:1 › image clipboard events reach the uploader and report failure without inserting broken Markdown (335ms)
  -  29 [chromium] › e2e/performance.spec.ts:6:1 › record browser development-mode baseline (opt-in)
  ✓  30 [chromium] › e2e/preview.spec.ts:5:1 › writing renders in place, clicking edits a block and leaving renders it again (380ms)
  ✓  31 [chromium] › e2e/recent.spec.ts:3:1 › recent files show ten choices with full paths and support keyboard dismissal (477ms)
  ✓  32 [chromium] › e2e/preview.spec.ts:33:1 › mode changes retain caret and history and edits from source render immediately (468ms)
  ✓  33 [chromium] › e2e/selection-toolbar.spec.ts:3:1 › selection menu formats headings, emphasis, links and images, with undo and dismissal (612ms)
  ✓  34 [chromium] › e2e/preview.spec.ts:60:1 › rendered GFM fits narrow and dark windows (246ms)
  ✓  35 [chromium] › e2e/selection-toolbar.spec.ts:45:1 › live mode mouse selection and narrow night layout (377ms)
  ✓  36 [chromium] › e2e/upload-newline.spec.ts:5:1 › successful image paste places the caret on the next line for continued writing (438ms)
(node:9141) Warning: The 'NO_COLOR' env is ignored due to the 'FORCE_COLOR' env being set.
(Use `node --trace-warnings ...` to show where the warning was created)
  ✓  37 [chromium] › e2e/selection-toolbar.spec.ts:64:1 › local image picker preserves the selected insertion point (363ms)
(node:9154) Warning: The 'NO_COLOR' env is ignored due to the 'FORCE_COLOR' env being set.
(Use `node --trace-warnings ...` to show where the warning was created)
  ✓  38 [webkit] › e2e/code-blocks.spec.ts:5:1 › typed fences support highlighted editing, indentation and rendering (1.2s)
  ✓  39 [webkit] › e2e/drag-selection.spec.ts:43:7 › paragraphs: drag forward with start active (785ms)
  ✓  41 [webkit] › e2e/drag-selection.spec.ts:43:7 › paragraphs: drag backward with start active (623ms)
  ✓  40 [webkit] › e2e/code-blocks.spec.ts:37:1 › menu and shortcut insert undoable code blocks around selected text (664ms)
  ✓  43 [webkit] › e2e/code-blocks.spec.ts:57:1 › long code stays within a narrow window and uses readable night colors (394ms)
  ✓  42 [webkit] › e2e/drag-selection.spec.ts:43:7 › paragraphs: drag forward with end active (484ms)
  ✓  44 [webkit] › e2e/editor.spec.ts:2:1 › writing column stays centered with desktop and narrow-window padding (346ms)
  ✓  45 [webkit] › e2e/drag-selection.spec.ts:43:7 › paragraphs: drag backward with end active (501ms)
  ✓  46 [webkit] › e2e/editor.spec.ts:24:1 › edit, save, edit again, and cancel close (591ms)
  ✓  47 [webkit] › e2e/drag-selection.spec.ts:43:7 › list: drag forward with start active (491ms)
  ✓  48 [webkit] › e2e/editor.spec.ts:45:1 › source syntax, undo and find remain usable (531ms)
  ✓  49 [webkit] › e2e/drag-selection.spec.ts:43:7 › list: drag backward with start active (526ms)
  ✓  51 [webkit] › e2e/drag-selection.spec.ts:43:7 › list: drag forward with end active (624ms)
  ✓  52 [webkit] › e2e/drag-selection.spec.ts:43:7 › list: drag backward with end active (471ms)
  ✓  53 [webkit] › e2e/drag-selection.spec.ts:43:7 › single: drag forward with start active (417ms)
  ✓  54 [webkit] › e2e/drag-selection.spec.ts:43:7 › single: drag backward with start active (412ms)
  ✓  55 [webkit] › e2e/drag-selection.spec.ts:43:7 › single: drag forward with end active (485ms)
  ✓  56 [webkit] › e2e/drag-selection.spec.ts:43:7 › single: drag backward with end active (522ms)
  ✓  57 [webkit] › e2e/drag-selection.spec.ts:83:1 › shift-click extends the existing anchor into a rendered block (341ms)
  ✓  58 [webkit] › e2e/image-lines.spec.ts:7:1 › standalone image previews while editing adjacent text without blank lines (503ms)
  ✓  50 [webkit] › e2e/export.spec.ts:4:1 › exports editable Word with an embedded image and preserves unsaved source (4.2s)
  ✓  59 [webkit] › e2e/images.spec.ts:9:1 › remote images load under the production image policy and fit the writing surface (535ms)
  ✓  61 [webkit] › e2e/images.spec.ts:83:1 › failed remote images show a useful message and retain their Markdown (535ms)
  ✓  62 [webkit] › e2e/images.spec.ts:100:1 › image insertion format persists and offers empty or filename descriptions (679ms)
  ✓  63 [webkit] › e2e/improvements.spec.ts:3:1 › Enter keeps separate visual lines after the paragraph is rendered (380ms)
  ✓  64 [webkit] › e2e/improvements.spec.ts:38:1 › themes and uploader preferences persist without changing Markdown (691ms)
  ✓  65 [webkit] › e2e/improvements.spec.ts:82:1 › image clipboard events reach the uploader and report failure without inserting broken Markdown (509ms)
  -  66 [webkit] › e2e/performance.spec.ts:6:1 › record browser development-mode baseline (opt-in)
  ✓  67 [webkit] › e2e/preview.spec.ts:5:1 › writing renders in place, clicking edits a block and leaving renders it again (404ms)
  ✓  60 [webkit] › e2e/export.spec.ts:50:1 › prints complete white A4 content without app chrome and keeps the menu usable in a small window (4.0s)
  ✓  68 [webkit] › e2e/preview.spec.ts:33:1 › mode changes retain caret and history and edits from source render immediately (569ms)
  ✓  69 [webkit] › e2e/recent.spec.ts:3:1 › recent files show ten choices with full paths and support keyboard dismissal (513ms)
  ✓  70 [webkit] › e2e/preview.spec.ts:60:1 › rendered GFM fits narrow and dark windows (372ms)
  ✓  72 [webkit] › e2e/upload-newline.spec.ts:5:1 › successful image paste places the caret on the next line for continued writing (501ms)
  ✓  71 [webkit] › e2e/selection-toolbar.spec.ts:3:1 › selection menu formats headings, emphasis, links and images, with undo and dismissal (726ms)
  ✓  73 [webkit] › e2e/selection-toolbar.spec.ts:45:1 › live mode mouse selection and narrow night layout (441ms)
  ✓  74 [webkit] › e2e/selection-toolbar.spec.ts:64:1 › local image picker preserves the selected insertion point (526ms)

  2 skipped
  72 passed (29.6s)
