
> e2e
> npm run e2e -w @wtypora/desktop -- --config playwright.warning.config.ts


> @wtypora/desktop@0.1.0 e2e
> playwright test --config playwright.warning.config.ts

[WebServer] (node:36430) Warning: The 'NO_COLOR' env is ignored due to the 'FORCE_COLOR' env being set.
[WebServer] (Use `node --trace-warnings ...` to show where the warning was created)

Running 48 tests using 5 workers

(node:36458) Warning: The 'NO_COLOR' env is ignored due to the 'FORCE_COLOR' env being set.
(Use `node --trace-warnings ...` to show where the warning was created)
(node:36456) Warning: The 'NO_COLOR' env is ignored due to the 'FORCE_COLOR' env being set.
(Use `node --trace-warnings ...` to show where the warning was created)
(node:36457) Warning: The 'NO_COLOR' env is ignored due to the 'FORCE_COLOR' env being set.
(Use `node --trace-warnings ...` to show where the warning was created)
(node:36462) Warning: The 'NO_COLOR' env is ignored due to the 'FORCE_COLOR' env being set.
(Use `node --trace-warnings ...` to show where the warning was created)
(node:36461) Warning: The 'NO_COLOR' env is ignored due to the 'FORCE_COLOR' env being set.
(Use `node --trace-warnings ...` to show where the warning was created)
  ✓   2 [chromium] › e2e/editor.spec.ts:2:1 › writing column stays centered with desktop and narrow-window padding (1.7s)
  ✓   5 [chromium] › e2e/image-lines.spec.ts:7:1 › standalone image previews while editing adjacent text without blank lines (2.0s)
  ✓   4 [chromium] › e2e/images.spec.ts:9:1 › remote images load under the production image policy and fit the writing surface (2.0s)
  ✓   1 [chromium] › e2e/code-blocks.spec.ts:5:1 › typed fences support highlighted editing, indentation and rendering (2.4s)
  ✓   6 [chromium] › e2e/editor.spec.ts:24:1 › edit, save, edit again, and cancel close (1.2s)
  ✓   8 [chromium] › e2e/images.spec.ts:75:1 › failed remote images show a useful message and retain their Markdown (860ms)
  ✓   7 [chromium] › e2e/improvements.spec.ts:3:1 › Enter keeps separate visual lines after the paragraph is rendered (888ms)
  ✓   9 [chromium] › e2e/code-blocks.spec.ts:37:1 › menu and shortcut insert undoable code blocks around selected text (1.1s)
  ✓  10 [chromium] › e2e/editor.spec.ts:45:1 › source syntax, undo and find remain usable (895ms)
  -  14 [chromium] › e2e/performance.spec.ts:6:1 › record browser development-mode baseline (opt-in)
  ✓  13 [chromium] › e2e/code-blocks.spec.ts:57:1 › long code stays within a narrow window and uses readable night colors (628ms)
  ✓  11 [chromium] › e2e/images.spec.ts:92:1 › image insertion format persists and offers empty or filename descriptions (1.3s)
  ✓  12 [chromium] › e2e/improvements.spec.ts:38:1 › themes and uploader preferences persist without changing Markdown (1.7s)
  ✓  15 [chromium] › e2e/preview.spec.ts:5:1 › writing renders in place, clicking edits a block and leaving renders it again (857ms)
  ✓   3 [chromium] › e2e/export.spec.ts:4:1 › exports editable Word with an embedded image and preserves unsaved source (5.2s)
  ✓  16 [chromium] › e2e/recent.spec.ts:3:1 › recent files show ten choices with full paths and support keyboard dismissal (992ms)
  ✓  18 [chromium] › e2e/improvements.spec.ts:82:1 › image clipboard events reach the uploader and report failure without inserting broken Markdown (898ms)
  ✓  17 [chromium] › e2e/selection-toolbar.spec.ts:3:1 › selection menu formats headings, emphasis, links and images, with undo and dismissal (1.5s)
  ✓  19 [chromium] › e2e/preview.spec.ts:33:1 › mode changes retain caret and history and edits from source render immediately (1.1s)
  ✓  21 [chromium] › e2e/upload-newline.spec.ts:5:1 › successful image paste places the caret on the next line for continued writing (1.0s)
(node:36642) Warning: The 'NO_COLOR' env is ignored due to the 'FORCE_COLOR' env being set.
(Use `node --trace-warnings ...` to show where the warning was created)
  ✓  22 [chromium] › e2e/selection-toolbar.spec.ts:45:1 › live mode mouse selection and narrow night layout (687ms)
  ✓  23 [chromium] › e2e/preview.spec.ts:60:1 › rendered GFM fits narrow and dark windows (616ms)
(node:36651) Warning: The 'NO_COLOR' env is ignored due to the 'FORCE_COLOR' env being set.
(Use `node --trace-warnings ...` to show where the warning was created)
(node:36665) Warning: The 'NO_COLOR' env is ignored due to the 'FORCE_COLOR' env being set.
(Use `node --trace-warnings ...` to show where the warning was created)
  ✓  24 [chromium] › e2e/selection-toolbar.spec.ts:64:1 › local image picker preserves the selected insertion point (620ms)
(node:36684) Warning: The 'NO_COLOR' env is ignored due to the 'FORCE_COLOR' env being set.
(Use `node --trace-warnings ...` to show where the warning was created)
  ✓  26 [webkit] › e2e/editor.spec.ts:2:1 › writing column stays centered with desktop and narrow-window padding (1.1s)
  ✓  25 [webkit] › e2e/code-blocks.spec.ts:5:1 › typed fences support highlighted editing, indentation and rendering (2.1s)
  ✓  20 [chromium] › e2e/export.spec.ts:50:1 › prints complete white A4 content without app chrome and keeps the menu usable in a small window (4.5s)
  ✓  29 [webkit] › e2e/editor.spec.ts:24:1 › edit, save, edit again, and cancel close (1.5s)
  ✓  30 [webkit] › e2e/code-blocks.spec.ts:37:1 › menu and shortcut insert undoable code blocks around selected text (1.4s)
  ✓  28 [webkit] › e2e/image-lines.spec.ts:7:1 › standalone image previews while editing adjacent text without blank lines (2.2s)
  ✓  31 [webkit] › e2e/editor.spec.ts:45:1 › source syntax, undo and find remain usable (1.4s)
(node:36733) Warning: The 'NO_COLOR' env is ignored due to the 'FORCE_COLOR' env being set.
(Use `node --trace-warnings ...` to show where the warning was created)
  ✓  32 [webkit] › e2e/code-blocks.spec.ts:57:1 › long code stays within a narrow window and uses readable night colors (1.0s)
  -  34 [webkit] › e2e/performance.spec.ts:6:1 › record browser development-mode baseline (opt-in)
  ✓  33 [webkit] › e2e/improvements.spec.ts:3:1 › Enter keeps separate visual lines after the paragraph is rendered (1.5s)
  ✓  27 [webkit] › e2e/export.spec.ts:4:1 › exports editable Word with an embedded image and preserves unsaved source (5.2s)
  ✓  37 [webkit] › e2e/recent.spec.ts:3:1 › recent files show ten choices with full paths and support keyboard dismissal (2.0s)
  ✓  35 [webkit] › e2e/preview.spec.ts:5:1 › writing renders in place, clicking edits a block and leaving renders it again (2.0s)
  ✓  36 [webkit] › e2e/images.spec.ts:9:1 › remote images load under the production image policy and fit the writing surface (2.5s)
  ✓  38 [webkit] › e2e/improvements.spec.ts:38:1 › themes and uploader preferences persist without changing Markdown (2.5s)
  ✓  41 [webkit] › e2e/preview.spec.ts:33:1 › mode changes retain caret and history and edits from source render immediately (1.7s)
  ✓  40 [webkit] › e2e/selection-toolbar.spec.ts:3:1 › selection menu formats headings, emphasis, links and images, with undo and dismissal (2.0s)
  ✓  42 [webkit] › e2e/images.spec.ts:75:1 › failed remote images show a useful message and retain their Markdown (1.1s)
  ✓  43 [webkit] › e2e/improvements.spec.ts:82:1 › image clipboard events reach the uploader and report failure without inserting broken Markdown (1.0s)
  ✓  44 [webkit] › e2e/preview.spec.ts:60:1 › rendered GFM fits narrow and dark windows (1.0s)
  ✓  45 [webkit] › e2e/selection-toolbar.spec.ts:45:1 › live mode mouse selection and narrow night layout (1.1s)
  ✓  47 [webkit] › e2e/upload-newline.spec.ts:5:1 › successful image paste places the caret on the next line for continued writing (1.2s)
  ✓  46 [webkit] › e2e/images.spec.ts:92:1 › image insertion format persists and offers empty or filename descriptions (1.6s)
  ✓  48 [webkit] › e2e/selection-toolbar.spec.ts:64:1 › local image picker preserves the selected insertion point (1.0s)
  ✓  39 [webkit] › e2e/export.spec.ts:50:1 › prints complete white A4 content without app chrome and keeps the menu usable in a small window (5.5s)

  2 skipped
  46 passed (21.1s)
