
> @wtypora/desktop@0.1.0 tauri
> tauri build --debug

        Info Looking up installed tauri packages to check mismatched versions...
     Running beforeBuildCommand `npm run build`

> @wtypora/desktop@0.1.0 build
> tsc --noEmit && vite build

vite v8.2.2 building client environment for production...
transforming...
✓ 318 modules transformed.
rendering chunks...
computing gzip size...
dist/index.html                             0.58 kB │ gzip:   0.32 kB
dist/assets/index-BtEhINBI.css             12.88 kB │ gzip:   3.49 kB
dist/assets/rolldown-runtime-hePW80VL.js    0.71 kB │ gzip:   0.42 kB
dist/assets/index-DQyHJnJV.js             206.78 kB │ gzip:  62.39 kB
dist/assets/react-BCfzgTKi.js             377.35 kB │ gzip: 116.34 kB
dist/assets/editor-DNa2pxHw.js            568.58 kB │ gzip: 200.61 kB

[plugin builtin:vite-reporter] 
(!) Some chunks are larger than 500 kB after minification. Consider:
- Using dynamic import() to code-split the application
- Use build.rolldownOptions.output.codeSplitting to improve chunking: https://rolldown.rs/reference/OutputOptions.codeSplitting
- Adjust chunk size limit for this warning via build.chunkSizeWarningLimit.
✓ built in 204ms
   Compiling wtypora-desktop v0.1.0 (/Users/wuming/Documents/Coding/my/wtypora/apps/desktop/src-tauri)
    Finished `dev` profile [unoptimized + debuginfo] target(s) in 2.50s
       Built application at: /Users/wuming/Documents/Coding/my/wtypora/target/debug/wtypora-desktop
    Bundling WTypora.app (/Users/wuming/Documents/Coding/my/wtypora/target/debug/bundle/macos/WTypora.app)
     Signing with identity "Apple Development: 605283073@qq.com (C7M68TN47R)"
Signing with identity "Apple Development: 605283073@qq.com (C7M68TN47R)"
Signing /Users/wuming/Documents/Coding/my/wtypora/target/debug/bundle/macos/WTypora.app/Contents/MacOS/wtypora-desktop
/Users/wuming/Documents/Coding/my/wtypora/target/debug/bundle/macos/WTypora.app/Contents/MacOS/wtypora-desktop: replacing existing signature
Signing with identity "Apple Development: 605283073@qq.com (C7M68TN47R)"
Signing /Users/wuming/Documents/Coding/my/wtypora/target/debug/bundle/macos/WTypora.app
/Users/wuming/Documents/Coding/my/wtypora/target/debug/bundle/macos/WTypora.app: replacing existing signature
        Warn skipping app notarization, no APPLE_ID & APPLE_PASSWORD & APPLE_TEAM_ID or APPLE_API_KEY & APPLE_API_ISSUER & APPLE_API_KEY_PATH environment variables found
    Finished 1 bundle at:
        /Users/wuming/Documents/Coding/my/wtypora/target/debug/bundle/macos/WTypora.app

