
> check
> node scripts/check-foundation.mjs


> node scripts/verify-corpus.mjs
Corpus: 10 immutable SHA-256 checks passed

> npm run format:check

> format:check
> prettier --check apps/desktop/src apps/desktop/e2e apps/desktop/*.ts apps/desktop/*.mjs scripts package.json

Checking formatting...
All matched files use Prettier code style!

> npm run typecheck

> typecheck
> npm run typecheck -w @wtypora/desktop


> @wtypora/desktop@0.1.0 typecheck
> tsc --noEmit


> npm run lint

> lint
> npm run lint -w @wtypora/desktop


> @wtypora/desktop@0.1.0 lint
> eslint src e2e


> npm test

> test
> npm test -w @wtypora/desktop


> @wtypora/desktop@0.1.0 test
> vitest run


 RUN  v5.0.0 /Users/wuming/Documents/Coding/my/wtypora/apps/desktop


 Test Files  10 passed (10)
      Tests  45 passed (45)
   Start at  01:17:20
   Duration  1.80s (environment 59%, import 13%, setup 11%, tests 11%, transform 6%)


> npm run build

> build
> npm run build -w @wtypora/desktop


> @wtypora/desktop@0.1.0 build
> tsc --noEmit && vite build

vite v8.2.2 building client environment for production...
transforming...
✓ 309 modules transformed.
rendering chunks...
computing gzip size...
dist/index.html                             0.58 kB │ gzip:   0.32 kB
dist/assets/index-DLZNO_T0.css             10.24 kB │ gzip:   2.90 kB
dist/assets/rolldown-runtime-hePW80VL.js    0.71 kB │ gzip:   0.42 kB
dist/assets/index-DBW878UV.js             200.31 kB │ gzip:  60.11 kB
dist/assets/react-BCfzgTKi.js             377.35 kB │ gzip: 116.34 kB
dist/assets/editor-Mm-HIp4s.js            527.02 kB │ gzip: 182.54 kB

✓ built in 125ms
[plugin builtin:vite-reporter] 
(!) Some chunks are larger than 500 kB after minification. Consider:
- Using dynamic import() to code-split the application
- Use build.rolldownOptions.output.codeSplitting to improve chunking: https://rolldown.rs/reference/OutputOptions.codeSplitting
- Adjust chunk size limit for this warning via build.chunkSizeWarningLimit.

> cargo fmt --all -- --check

> cargo test --workspace --locked
    Finished `test` profile [unoptimized + debuginfo] target(s) in 0.44s
     Running unittests src/lib.rs (target/debug/deps/wtypora_desktop-6fee129c69821531)

running 9 tests
test opening::tests::hovering_never_opens_and_unsupported_drops_report_an_error ... ok
test launch::tests::warm_open_is_immediate_and_non_file_urls_are_ignored ... ok
test uploads::tests::only_contacts_local_picgo_and_accepts_image_urls ... ok
test window_commands::tests::commands_reach_only_the_selected_document ... ok
test uploads::transport_tests::picgo_receives_the_pasted_file_and_temp_file_is_removed_after_success ... ok
test uploads::transport_tests::failure_and_unsafe_results_do_not_escape_or_leak_temporary_files ... ok
test launch::tests::cold_open_waits_for_setup_and_preserves_all_files ... ok
test opening::tests::drop_opens_markdown_without_releasing_the_existing_document ... ok
test opening::replacement_tests::reuse_releases_only_after_success_and_checks_session_owner ... ok

test result: ok. 9 passed; 0 failed; 0 ignored; 0 measured; 0 filtered out; finished in 0.06s

     Running unittests src/main.rs (target/debug/deps/wtypora_desktop-4ec562ac20b23f41)

running 0 tests

test result: ok. 0 passed; 0 failed; 0 ignored; 0 measured; 0 filtered out; finished in 0.00s

     Running unittests src/lib.rs (target/debug/deps/wtypora_document_core-f4af2ee90b864b2f)

running 7 tests
test recovery::tests::crash_child_worker ... ignored, child harness invoked only by parent crash test
test recovery::tests::directory_sync_failure_never_confirms_recovery ... ok
test registry::tests::real_notification_invalidates_and_quiet_inspect_skips_hashing ... ok
test atomic_save::tests::failures_preserve_original_or_report_saved_uncertain ... ok
test recovery::tests::killed_child_restart_keeps_only_complete_recovery ... ok
test atomic_save::tests::backups_are_bounded_per_document ... ok
test registry::tests::receipts_are_bounded_and_do_not_retain_payload_text ... ok

test result: ok. 6 passed; 0 failed; 1 ignored; 0 measured; 0 filtered out; finished in 1.30s

     Running tests/codec.rs (target/debug/deps/codec-ea1cca14cf8079a4)

running 5 tests
test unknown_markdown_unchanged ... ok
test crlf_bom_roundtrip ... ok
test unsafe_encoding_rejected ... ok
test mixed_and_cr_readonly ... ok
test preserves_empty_trailing_whitespace_and_unicode ... ok

test result: ok. 5 passed; 0 failed; 0 ignored; 0 measured; 0 filtered out; finished in 0.00s

     Running tests/corpus.rs (target/debug/deps/corpus-296f05513715324f)

running 1 test
test fixed_corpus_roundtrips_without_normalization ... ok

test result: ok. 1 passed; 0 failed; 0 ignored; 0 measured; 0 filtered out; finished in 0.00s

     Running tests/persistence.rs (target/debug/deps/persistence-f949234ec8fc5249)

running 14 tests
test recovery_discard_respects_live_owner ... ok
test recovery_validates_grants_versions_checksum_and_isolates_corruption ... ok
test reload_is_two_phase_and_missing_observations_deduplicate ... ok
test save_as_replay_is_idempotent_and_rejects_changed_payload ... ok
test no_op_preserves_revision_and_new_destination_does_not_clobber ... ok
test hardlink_alias_activates_existing_owner ... ok
test bom_crlf_and_save_as_identity ... ok
test save_grants_noop_conflict_and_replay ... ok
test save_as_switches_parent_watch ... ok
test symlink_swap_rejected ... ok
test restore_recovery_preserves_format_retains_original_and_claims_live_record ... ok
test save_preserves_mode_and_xattrs ... ok
test parent_watch_detects_atomic_replacement_delete_and_reappearance ... ok
test save_reply_correlates_and_reload_commit_revokes_old_epoch ... ok

test result: ok. 14 passed; 0 failed; 0 ignored; 0 measured; 0 filtered out; finished in 0.14s

   Doc-tests wtypora_desktop

running 0 tests

test result: ok. 0 passed; 0 failed; 0 ignored; 0 measured; 0 filtered out; finished in 0.00s

   Doc-tests wtypora_document_core

running 0 tests

test result: ok. 0 passed; 0 failed; 0 ignored; 0 measured; 0 filtered out; finished in 0.00s


> cargo clippy --workspace --all-targets --locked -- -D warnings
   Compiling tauri v2.11.5
   Compiling wtypora-desktop v0.1.0 (/Users/wuming/Documents/Coding/my/wtypora/apps/desktop/src-tauri)
    Finished `dev` profile [unoptimized + debuginfo] target(s) in 5.56s
